mode: set
github.com/go-typeset/hyphenation/hyphenation.go:24.24,26.2 1 1
github.com/go-typeset/hyphenation/hyphenation.go:30.43,35.22 5 1
github.com/go-typeset/hyphenation/hyphenation.go:35.22,36.27 1 1
github.com/go-typeset/hyphenation/hyphenation.go:36.27,39.12 3 1
github.com/go-typeset/hyphenation/hyphenation.go:41.3,43.32 3 1
github.com/go-typeset/hyphenation/hyphenation.go:45.2,47.32 3 1
github.com/go-typeset/hyphenation/hyphenation.go:52.48,56.25 4 1
github.com/go-typeset/hyphenation/hyphenation.go:56.25,57.31 1 1
github.com/go-typeset/hyphenation/hyphenation.go:57.31,59.11 2 1
github.com/go-typeset/hyphenation/hyphenation.go:59.11,60.13 1 1
github.com/go-typeset/hyphenation/hyphenation.go:62.4,62.32 1 1
github.com/go-typeset/hyphenation/hyphenation.go:62.32,63.42 1 1
github.com/go-typeset/hyphenation/hyphenation.go:63.42,65.6 1 1
github.com/go-typeset/hyphenation/hyphenation.go:71.2,73.38 3 1
github.com/go-typeset/hyphenation/hyphenation.go:73.38,74.22 1 1
github.com/go-typeset/hyphenation/hyphenation.go:74.22,76.4 1 1
github.com/go-typeset/hyphenation/hyphenation.go:78.2,78.12 1 1
github.com/go-typeset/hyphenation/hyphenation.go:85.47,86.14 1 1
github.com/go-typeset/hyphenation/hyphenation.go:86.14,88.3 1 1
github.com/go-typeset/hyphenation/hyphenation.go:89.2,89.15 1 1
github.com/go-typeset/hyphenation/hyphenation.go:89.15,91.3 1 1
github.com/go-typeset/hyphenation/hyphenation.go:92.2,92.30 1 1
github.com/go-typeset/hyphenation/hyphenation.go:97.47,97.72 1 1
